../Core/Src/main.c:127:5:main	256	static
../Core/Src/main.c:582:6:SystemClock_Config	96	static
../Core/Src/main.c:639:13:MX_ADC1_Init	48	static
../Core/Src/main.c:706:13:MX_RTC_Init	8	static
../Core/Src/main.c:750:13:MX_TIM2_Init	40	static
../Core/Src/main.c:795:13:MX_TIM16_Init	8	static
../Core/Src/main.c:827:13:MX_USART1_UART_Init	32	static
../Core/Src/main.c:877:13:MX_USART2_UART_Init	8	static
../Core/Src/main.c:912:13:MX_GPIO_Init	40	static
../Core/Src/main.c:934:6:HAL_TIM_PeriodElapsedCallback	16	static
../Core/Src/main.c:944:6:HAL_UART_TxCpltCallback	16	static
../Core/Src/main.c:959:6:HAL_UART_RxCpltCallback	16	static
../Core/Src/main.c:992:6:Error_Handler	4	static,ignoring_inline_asm
