../Core/Src/protocols.c:22:6:update_stp_db	24	static
../Core/Src/protocols.c:85:6:broadcast_stp	32	static
../Core/Src/protocols.c:106:6:send_lsa_req	32	static
../Core/Src/protocols.c:123:5:get_child_node_lsa	104	static
../Core/Src/protocols.c:185:6:send_lsa_resp_pkt	40	static
../Core/Src/protocols.c:206:6:send_lsa_resp	144	static
../Core/Src/protocols.c:254:6:add_to_graph	56	dynamic
../Core/Src/protocols.c:269:6:send_sch_pkt	56	static
../Core/Src/protocols.c:308:6:send_sch	64	static
../Core/Src/protocols.c:332:6:populate_sch_config	40	static
../Core/Src/protocols.c:359:6:populate_local_sch	40	static
../Core/Src/protocols.c:463:6:init_sch_config	16	static
../Core/Src/protocols.c:470:6:print_sch_config	64	static
../Core/Src/protocols.c:492:10:get_responsive_child_nodes	80	static
../Core/Src/protocols.c:517:6:set_topology_tree_4	16	static
../Core/Src/protocols.c:553:6:set_topology	24	static
../Core/Src/protocols.c:597:6:port_to_neighbor	32	static
../Core/Src/protocols.c:611:6:activate_all_ports	24	static
../Core/Src/protocols.c:617:6:print_ports	48	static
../Core/Src/protocols.c:639:5:get_port	32	static
