../Core/Src/protocols.c:41:6:update_stp_db	24	static
../Core/Src/protocols.c:109:6:broadcast_stp	40	static
../Core/Src/protocols.c:132:5:send_lsa_req	32	static
../Core/Src/protocols.c:151:5:send_lsa_inv	32	static
../Core/Src/protocols.c:170:5:get_child_node_lsa	56	static
../Core/Src/protocols.c:254:5:send_lsa_resp_pkt	48	static
../Core/Src/protocols.c:277:5:send_lsa_resp	112	static
../Core/Src/protocols.c:331:6:add_to_graph	56	dynamic
../Core/Src/protocols.c:343:5:send_sch_ack	40	static
../Core/Src/protocols.c:362:6:query_sch	56	static
../Core/Src/protocols.c:419:5:send_sch_pkt	64	static
../Core/Src/protocols.c:460:5:send_sch	64	static
../Core/Src/protocols.c:487:6:populate_sch_config	40	static
../Core/Src/protocols.c:515:6:populate_local_sch	32	static
../Core/Src/protocols.c:532:6:init_sch_config	16	static
../Core/Src/protocols.c:539:6:print_sch_config	24	static
../Core/Src/protocols.c:555:10:get_responsive_child_nodes	40	static
../Core/Src/protocols.c:576:5:send_sensor_data	48	static
../Core/Src/protocols.c:607:6:populate_sensor_data	32	static
../Core/Src/protocols.c:621:6:print_sensor_db	24	static
../Core/Src/protocols.c:641:6:init_sensor_db	16	static
../Core/Src/protocols.c:652:6:set_topology_mesh_7	16	static
../Core/Src/protocols.c:720:6:set_topology_mesh_9	16	static
../Core/Src/protocols.c:808:6:set_topology_tree_4	16	static
../Core/Src/protocols.c:844:6:set_topology	24	static
../Core/Src/protocols.c:896:6:port_to_neighbor	32	static
../Core/Src/protocols.c:910:6:activate_all_ports	24	static
../Core/Src/protocols.c:916:6:print_ports	24	static
../Core/Src/protocols.c:930:5:get_port	32	static
../Core/Src/protocols.c:940:6:get_topo_str	24	static
../Core/Src/protocols.c:959:6:send_ack_pkt	32	static
../Core/Src/protocols.c:974:5:myPow	24	static
../Core/Src/protocols.c:985:6:wait_random	32	static
../Core/Src/protocols.c:1010:5:rdt_send_pkt	88	static
../Core/Src/protocols.c:1109:7:rdt_recv_pkt	96	static
../Core/Src/protocols.c:1199:7:rdt_recv_data_pkt	96	static
